// Jest Snapshot v1, https://goo.gl/fbAQLP

exports[`ItunesContainer Tests should render and match to the snapshot 1`] = `
<body>
  <div>
    <div>
       itunesContainer page 
    </div>
  </div>
</body>
`;
