// Jest Snapshot v1, https://goo.gl/fbAQLP

exports[`<TrackComponent /> should render and match the snapshot 1`] = `
<body>
  <div>
    <div
      class="ant-card ant-card-bordered TrackComponent__TrackCardContainer-sc-1y7fh5t-0 hZfrIv"
      data-testid="track-component"
    >
      <div
        class="ant-card-body"
      >
        <div
          class="ant-image"
          style="width: 80%;"
        >
          <img
            class="ant-image-img"
            src="https://is3-ssl.mzstatic.com/image/thumb/Music124/v4/dd/64/78/dd6478bc-e684-1b69-2e4e-c7e1d6a36c0a/045635953260.jpg/100x100bb.jpg"
          />
          <div
            class="ant-image-mask"
          >
            <div
              class="ant-image-mask-info"
            >
              <span
                aria-label="eye"
                class="anticon anticon-eye"
                role="img"
              >
                <svg
                  aria-hidden="true"
                  data-icon="eye"
                  fill="currentColor"
                  focusable="false"
                  height="1em"
                  viewBox="64 64 896 896"
                  width="1em"
                >
                  <path
                    d="M942.2 486.2C847.4 286.5 704.1 186 512 186c-192.2 0-335.4 100.5-430.2 300.3a60.3 60.3 0 000 51.5C176.6 737.5 319.9 838 512 838c192.2 0 335.4-100.5 430.2-300.3 7.7-16.2 7.7-35 0-51.5zM512 766c-161.3 0-279.4-81.8-362.7-254C232.6 339.8 350.7 258 512 258c161.3 0 279.4 81.8 362.7 254C791.5 684.2 673.4 766 512 766zm-4-430c-97.2 0-176 78.8-176 176s78.8 176 176 176 176-78.8 176-176-78.8-176-176-176zm0 288c-61.9 0-112-50.1-112-112s50.1-112 112-112 112 50.1 112 112-50.1 112-112 112z"
                  />
                </svg>
              </span>
              Preview
            </div>
          </div>
        </div>
        <div
          class="TrackComponent__StyledDescription-sc-1y7fh5t-1 ehlPZI"
        >
          <div
            class="ant-typography"
          >
            <span
              class="TrackComponent__StyledSpan-sc-1y7fh5t-2 jsYJCu"
            >
               Artist name: 
            </span>
             
            Tom MacDonald
          </div>
          <div
            class="ant-typography"
          >
            <span
              class="TrackComponent__StyledSpan-sc-1y7fh5t-2 jsYJCu"
            >
               Collection name: 
            </span>
             
            See You Tomorrow
          </div>
          <div
            class="ant-typography"
          >
            <span
              class="TrackComponent__StyledSpan-sc-1y7fh5t-2 jsYJCu"
            >
               Track name: 
            </span>
             
            Greenday
          </div>
        </div>
        <div
          class="TrackComponent__ButtonWrapper-sc-1y7fh5t-5 dehKAG"
        >
          <button
            class="TrackComponent__PlayTrackBtn-sc-1y7fh5t-3 khRFCr"
          >
            <span
              class="TrackComponent__ButtonLabel-sc-1y7fh5t-6 ftUulf"
            >
               Play 
            </span>
          </button>
        </div>
        <audio
          data-testid="trackAudio"
          src="https://audio-ssl.itunes.apple.com/itunes-assets/AudioPreview125/v4/51/bb/61/51bb6190-6865-3050-af01-0f64502bc376/mzaf_14313183610807291436.plus.aac.p.m4a"
        />
      </div>
    </div>
  </div>
</body>
`;
